// Jest Snapshot v1, https://goo.gl/fbAQLP

exports[`SankeyChart matches a simple snapshot 1`] = `
"
      <sankey-chart-base></sankey-chart-base>
      
    "
`;
